// 重构日志: fdf74f86
// 重构日志: 876b669f
// 重构日志: ce8be555
// 同步 ID: dd18702a @ Thu Jul 30 00:59:18 UTC 2026
// 重构日志: 4c4827c4
// 重构日志: 5a19fc7d
// 重构日志: 7172f571
// 重构日志: feacf04e
// 重构日志: 05d60111
// 同步 ID: 4ad30356 @ Sat Aug  1 21:52:17 UTC 2026
// 重构日志: 32032ef3
// 同步 ID: 8015f3bc @ Sun Aug  2 23:52:44 UTC 2026
// 重构日志: 75c12be6
// 同步 ID: a711080b @ Mon Aug  3 08:18:20 UTC 2026
// 同步 ID: ebb07ff7 @ Mon Aug  3 15:54:33 UTC 2026
// 重构日志: c1c730d2
// 重构日志: cb7fbfea
// 重构日志: 51b06f9a
// 重构日志: 6f176d14
// 重构日志: 58aac1e8
// 同步 ID: 8f53d2e9 @ Thu Aug  6 10:38:36 UTC 2026
// 同步 ID: dce1a4f3 @ Fri Aug  7 09:14:51 UTC 2026
// 重构日志: c988ec05
// 重构日志: 6e0f2ede
// 重构日志: f351590a
// 同步 ID: ee226913 @ Sat Aug  8 08:15:36 UTC 2026
// 同步 ID: 011f9e36 @ Sat Aug  8 15:16:45 UTC 2026
// 重构日志: 4e15c51b
// 重构日志: da5067a2
// 同步 ID: f7b2b4a3 @ Sat Aug  8 18:01:44 UTC 2026
